[debug] [2025-06-11T15:02:56.738Z] ----------------------------------------------------------------------
[debug] [2025-06-11T15:02:56.742Z] Command:       /home/abishek/.nvm/versions/node/v22.15.0/bin/node /home/abishek/.nvm/versions/node/v22.15.0/bin/firebase init
[debug] [2025-06-11T15:02:56.743Z] CLI Version:   14.6.0
[debug] [2025-06-11T15:02:56.744Z] Platform:      linux
[debug] [2025-06-11T15:02:56.744Z] Node Version:  v22.15.0
[debug] [2025-06-11T15:02:56.744Z] Time:          Wed Jun 11 2025 20:47:56 GMT+0545 (Nepal Time)
[debug] [2025-06-11T15:02:56.744Z] ----------------------------------------------------------------------
[debug] 
[debug] [2025-06-11T15:02:56.753Z] > command requires scopes: ["email","openid","https://www.googleapis.com/auth/cloudplatformprojects.readonly","https://www.googleapis.com/auth/firebase","https://www.googleapis.com/auth/cloud-platform"]
[debug] [2025-06-11T15:02:56.754Z] > authorizing via signed-in user (abishekchaulagain5225@gmail.com)
[info] 
     ######## #### ########  ######## ########     ###     ######  ########
     ##        ##  ##     ## ##       ##     ##  ##   ##  ##       ##
     ######    ##  ########  ######   ########  #########  ######  ######
     ##        ##  ##    ##  ##       ##     ## ##     ##       ## ##
     ##       #### ##     ## ######## ########  ##     ##  ######  ########

You're about to initialize a Firebase project in this directory:

  /media/abishek/New Volume/Blog-app/my-app

Before we get started, keep in mind:

  * You are currently outside your home directory

